Archive member included to satisfy reference by file (symbol)

c:/st/stm32cubeide_1.3.0/stm32cubeide/plugins/com.st.stm32cube.ide.mcu.externaltools.gnu-tools-for-stm32.7-2018-q2-update.win32_1.0.0.201904181610/tools/bin/../lib/gcc/arm-none-eabi/7.3.1/../../../../arm-none-eabi/lib/thumb/v7-m\libc_nano.a(lib_a-errno.o)
                              Core/Src/syscalls.o (__errno)
c:/st/stm32cubeide_1.3.0/stm32cubeide/plugins/com.st.stm32cube.ide.mcu.externaltools.gnu-tools-for-stm32.7-2018-q2-update.win32_1.0.0.201904181610/tools/bin/../lib/gcc/arm-none-eabi/7.3.1/../../../../arm-none-eabi/lib/thumb/v7-m\libc_nano.a(lib_a-exit.o)
                              c:/st/stm32cubeide_1.3.0/stm32cubeide/plugins/com.st.stm32cube.ide.mcu.externaltools.gnu-tools-for-stm32.7-2018-q2-update.win32_1.0.0.201904181610/tools/bin/../lib/gcc/arm-none-eabi/7.3.1/../../../../arm-none-eabi/lib/thumb/v7-m/crt0.o (exit)
c:/st/stm32cubeide_1.3.0/stm32cubeide/plugins/com.st.stm32cube.ide.mcu.externaltools.gnu-tools-for-stm32.7-2018-q2-update.win32_1.0.0.201904181610/tools/bin/../lib/gcc/arm-none-eabi/7.3.1/../../../../arm-none-eabi/lib/thumb/v7-m\libc_nano.a(lib_a-impure.o)
                              c:/st/stm32cubeide_1.3.0/stm32cubeide/plugins/com.st.stm32cube.ide.mcu.externaltools.gnu-tools-for-stm32.7-2018-q2-update.win32_1.0.0.201904181610/tools/bin/../lib/gcc/arm-none-eabi/7.3.1/../../../../arm-none-eabi/lib/thumb/v7-m\libc_nano.a(lib_a-exit.o) (_global_impure_ptr)
c:/st/stm32cubeide_1.3.0/stm32cubeide/plugins/com.st.stm32cube.ide.mcu.externaltools.gnu-tools-for-stm32.7-2018-q2-update.win32_1.0.0.201904181610/tools/bin/../lib/gcc/arm-none-eabi/7.3.1/../../../../arm-none-eabi/lib/thumb/v7-m\libc_nano.a(lib_a-init.o)
                              c:/st/stm32cubeide_1.3.0/stm32cubeide/plugins/com.st.stm32cube.ide.mcu.externaltools.gnu-tools-for-stm32.7-2018-q2-update.win32_1.0.0.201904181610/tools/bin/../lib/gcc/arm-none-eabi/7.3.1/../../../../arm-none-eabi/lib/thumb/v7-m/crt0.o (__libc_init_array)
c:/st/stm32cubeide_1.3.0/stm32cubeide/plugins/com.st.stm32cube.ide.mcu.externaltools.gnu-tools-for-stm32.7-2018-q2-update.win32_1.0.0.201904181610/tools/bin/../lib/gcc/arm-none-eabi/7.3.1/../../../../arm-none-eabi/lib/thumb/v7-m\libc_nano.a(lib_a-memset.o)
                              c:/st/stm32cubeide_1.3.0/stm32cubeide/plugins/com.st.stm32cube.ide.mcu.externaltools.gnu-tools-for-stm32.7-2018-q2-update.win32_1.0.0.201904181610/tools/bin/../lib/gcc/arm-none-eabi/7.3.1/../../../../arm-none-eabi/lib/thumb/v7-m/crt0.o (memset)
c:/st/stm32cubeide_1.3.0/stm32cubeide/plugins/com.st.stm32cube.ide.mcu.externaltools.gnu-tools-for-stm32.7-2018-q2-update.win32_1.0.0.201904181610/tools/bin/../lib/gcc/arm-none-eabi/7.3.1/../../../../arm-none-eabi/lib/thumb/v7-m\libc_nano.a(lib_a-printf.o)
                              Core/Src/main.o (printf)
c:/st/stm32cubeide_1.3.0/stm32cubeide/plugins/com.st.stm32cube.ide.mcu.externaltools.gnu-tools-for-stm32.7-2018-q2-update.win32_1.0.0.201904181610/tools/bin/../lib/gcc/arm-none-eabi/7.3.1/../../../../arm-none-eabi/lib/thumb/v7-m\libc_nano.a(lib_a-strlen.o)
                              Core/Src/main.o (strlen)
c:/st/stm32cubeide_1.3.0/stm32cubeide/plugins/com.st.stm32cube.ide.mcu.externaltools.gnu-tools-for-stm32.7-2018-q2-update.win32_1.0.0.201904181610/tools/bin/../lib/gcc/arm-none-eabi/7.3.1/../../../../arm-none-eabi/lib/thumb/v7-m\libc_nano.a(lib_a-findfp.o)
                              c:/st/stm32cubeide_1.3.0/stm32cubeide/plugins/com.st.stm32cube.ide.mcu.externaltools.gnu-tools-for-stm32.7-2018-q2-update.win32_1.0.0.201904181610/tools/bin/../lib/gcc/arm-none-eabi/7.3.1/../../../../arm-none-eabi/lib/thumb/v7-m\libc_nano.a(lib_a-printf.o) (__sinit)
c:/st/stm32cubeide_1.3.0/stm32cubeide/plugins/com.st.stm32cube.ide.mcu.externaltools.gnu-tools-for-stm32.7-2018-q2-update.win32_1.0.0.201904181610/tools/bin/../lib/gcc/arm-none-eabi/7.3.1/../../../../arm-none-eabi/lib/thumb/v7-m\libc_nano.a(lib_a-fwalk.o)
                              c:/st/stm32cubeide_1.3.0/stm32cubeide/plugins/com.st.stm32cube.ide.mcu.externaltools.gnu-tools-for-stm32.7-2018-q2-update.win32_1.0.0.201904181610/tools/bin/../lib/gcc/arm-none-eabi/7.3.1/../../../../arm-none-eabi/lib/thumb/v7-m\libc_nano.a(lib_a-findfp.o) (_fwalk)
c:/st/stm32cubeide_1.3.0/stm32cubeide/plugins/com.st.stm32cube.ide.mcu.externaltools.gnu-tools-for-stm32.7-2018-q2-update.win32_1.0.0.201904181610/tools/bin/../lib/gcc/arm-none-eabi/7.3.1/../../../../arm-none-eabi/lib/thumb/v7-m\libc_nano.a(lib_a-nano-mallocr.o)
                              c:/st/stm32cubeide_1.3.0/stm32cubeide/plugins/com.st.stm32cube.ide.mcu.externaltools.gnu-tools-for-stm32.7-2018-q2-update.win32_1.0.0.201904181610/tools/bin/../lib/gcc/arm-none-eabi/7.3.1/../../../../arm-none-eabi/lib/thumb/v7-m\libc_nano.a(lib_a-findfp.o) (_malloc_r)
[...]
Memory Configuration

Name             Origin             Length             Attributes
RAM              0x0000000020000000 0x0000000000010000 xrw
FLASH            0x0000000008000000 0x0000000000080000 xr
*default*        0x0000000000000000 0xffffffffffffffff

Linker script and memory map

LOAD c:/st/stm32cubeide_1.3.0/stm32cubeide/plugins/com.st.stm32cube.ide.mcu.externaltools.gnu-tools-for-stm32.7-2018-q2-update.win32_1.0.0.201904181610/tools/bin/../lib/gcc/arm-none-eabi/7.3.1/thumb/v7-m/crti.o
LOAD c:/st/stm32cubeide_1.3.0/stm32cubeide/plugins/com.st.stm32cube.ide.mcu.externaltools.gnu-tools-for-stm32.7-2018-q2-update.win32_1.0.0.201904181610/tools/bin/../lib/gcc/arm-none-eabi/7.3.1/thumb/v7-m/crtbegin.o
LOAD c:/st/stm32cubeide_1.3.0/stm32cubeide/plugins/com.st.stm32cube.ide.mcu.externaltools.gnu-tools-for-stm32.7-2018-q2-update.win32_1.0.0.201904181610/tools/bin/../lib/gcc/arm-none-eabi/7.3.1/../../../../arm-none-eabi/lib/thumb/v7-m/crt0.o
LOAD Core/ILI9341/ILI9341_GFX.o
LOAD Core/ILI9341/ILI9341_STM32_Driver.o
LOAD Core/ILI9341/ILI9341_Touchscreen.o
LOAD Core/Src/main.o
LOAD Core/Src/stm32f1xx_hal_msp.o
LOAD Core/Src/stm32f1xx_it.o
LOAD Core/Src/syscalls.o
LOAD Core/Src/sysmem.o
LOAD Core/Src/system_stm32f1xx.o
LOAD Core/Startup/startup_stm32f103retx.o
LOAD Drivers/STM32F1xx_HAL_Driver/Src/stm32f1xx_hal.o
LOAD Drivers/STM32F1xx_HAL_Driver/Src/stm32f1xx_hal_adc.o
LOAD Drivers/STM32F1xx_HAL_Driver/Src/stm32f1xx_hal_adc_ex.o
LOAD Drivers/STM32F1xx_HAL_Driver/Src/stm32f1xx_hal_cortex.o
LOAD Drivers/STM32F1xx_HAL_Driver/Src/stm32f1xx_hal_dma.o
LOAD Drivers/STM32F1xx_HAL_Driver/Src/stm32f1xx_hal_exti.o
LOAD Drivers/STM32F1xx_HAL_Driver/Src/stm32f1xx_hal_flash.o
LOAD Drivers/STM32F1xx_HAL_Driver/Src/stm32f1xx_hal_flash_ex.o
LOAD Drivers/STM32F1xx_HAL_Driver/Src/stm32f1xx_hal_gpio.o
LOAD Drivers/STM32F1xx_HAL_Driver/Src/stm32f1xx_hal_gpio_ex.o
LOAD Drivers/STM32F1xx_HAL_Driver/Src/stm32f1xx_hal_i2c.o
LOAD Drivers/STM32F1xx_HAL_Driver/Src/stm32f1xx_hal_pwr.o
LOAD Drivers/STM32F1xx_HAL_Driver/Src/stm32f1xx_hal_rcc.o
LOAD Drivers/STM32F1xx_HAL_Driver/Src/stm32f1xx_hal_rcc_ex.o
LOAD Drivers/STM32F1xx_HAL_Driver/Src/stm32f1xx_hal_spi.o
LOAD Drivers/STM32F1xx_HAL_Driver/Src/stm32f1xx_hal_tim.o
LOAD Drivers/STM32F1xx_HAL_Driver/Src/stm32f1xx_hal_tim_ex.o
LOAD Drivers/STM32F1xx_HAL_Driver/Src/stm32f1xx_hal_uart.o
START GROUP
LOAD c:/st/stm32cubeide_1.3.0/stm32cubeide/plugins/com.st.stm32cube.ide.mcu.externaltools.gnu-tools-for-stm32.7-2018-q2-update.win32_1.0.0.201904181610/tools/bin/../lib/gcc/arm-none-eabi/7.3.1/../../../../arm-none-eabi/lib/thumb/v7-m\libc_nano.a
LOAD c:/st/stm32cubeide_1.3.0/stm32cubeide/plugins/com.st.stm32cube.ide.mcu.externaltools.gnu-tools-for-stm32.7-2018-q2-update.win32_1.0.0.201904181610/tools/bin/../lib/gcc/arm-none-eabi/7.3.1/../../../../arm-none-eabi/lib/thumb/v7-m\libm.a
END GROUP
START GROUP
LOAD c:/st/stm32cubeide_1.3.0/stm32cubeide/plugins/com.st.stm32cube.ide.mcu.externaltools.gnu-tools-for-stm32.7-2018-q2-update.win32_1.0.0.201904181610/tools/bin/../lib/gcc/arm-none-eabi/7.3.1/thumb/v7-m\libgcc.a
LOAD c:/st/stm32cubeide_1.3.0/stm32cubeide/plugins/com.st.stm32cube.ide.mcu.externaltools.gnu-tools-for-stm32.7-2018-q2-update.win32_1.0.0.201904181610/tools/bin/../lib/gcc/arm-none-eabi/7.3.1/../../../../arm-none-eabi/lib/thumb/v7-m\libc_nano.a
END GROUP
START GROUP
LOAD c:/st/stm32cubeide_1.3.0/stm32cubeide/plugins/com.st.stm32cube.ide.mcu.externaltools.gnu-tools-for-stm32.7-2018-q2-update.win32_1.0.0.201904181610/tools/bin/../lib/gcc/arm-none-eabi/7.3.1/thumb/v7-m\libgcc.a
LOAD c:/st/stm32cubeide_1.3.0/stm32cubeide/plugins/com.st.stm32cube.ide.mcu.externaltools.gnu-tools-for-stm32.7-2018-q2-update.win32_1.0.0.201904181610/tools/bin/../lib/gcc/arm-none-eabi/7.3.1/../../../../arm-none-eabi/lib/thumb/v7-m\libc_nano.a
LOAD c:/st/stm32cubeide_1.3.0/stm32cubeide/plugins/com.st.stm32cube.ide.mcu.externaltools.gnu-tools-for-stm32.7-2018-q2-update.win32_1.0.0.201904181610/tools/bin/../lib/gcc/arm-none-eabi/7.3.1/../../../../arm-none-eabi/lib/thumb/v7-m\libnosys.a
END GROUP
START GROUP
LOAD c:/st/stm32cubeide_1.3.0/stm32cubeide/plugins/com.st.stm32cube.ide.mcu.externaltools.gnu-tools-for-stm32.7-2018-q2-update.win32_1.0.0.201904181610/tools/bin/../lib/gcc/arm-none-eabi/7.3.1/thumb/v7-m\libgcc.a
LOAD c:/st/stm32cubeide_1.3.0/stm32cubeide/plugins/com.st.stm32cube.ide.mcu.externaltools.gnu-tools-for-stm32.7-2018-q2-update.win32_1.0.0.201904181610/tools/bin/../lib/gcc/arm-none-eabi/7.3.1/../../../../arm-none-eabi/lib/thumb/v7-m\libc_nano.a
LOAD c:/st/stm32cubeide_1.3.0/stm32cubeide/plugins/com.st.stm32cube.ide.mcu.externaltools.gnu-tools-for-stm32.7-2018-q2-update.win32_1.0.0.201904181610/tools/bin/../lib/gcc/arm-none-eabi/7.3.1/../../../../arm-none-eabi/lib/thumb/v7-m\libnosys.a
END GROUP
LOAD c:/st/stm32cubeide_1.3.0/stm32cubeide/plugins/com.st.stm32cube.ide.mcu.externaltools.gnu-tools-for-stm32.7-2018-q2-update.win32_1.0.0.201904181610/tools/bin/../lib/gcc/arm-none-eabi/7.3.1/thumb/v7-m/crtend.o
LOAD c:/st/stm32cubeide_1.3.0/stm32cubeide/plugins/com.st.stm32cube.ide.mcu.externaltools.gnu-tools-for-stm32.7-2018-q2-update.win32_1.0.0.201904181610/tools/bin/../lib/gcc/arm-none-eabi/7.3.1/thumb/v7-m/crtn.o
                0x0000000020010000                _estack = (ORIGIN (RAM) + LENGTH (RAM))
                0x0000000000000200                _Min_Heap_Size = 0x200
                0x0000000000000400                _Min_Stack_Size = 0x400

.isr_vector     0x0000000008000000      0x1e4
                0x0000000008000000                . = ALIGN (0x4)
 *(.isr_vector)
 .isr_vector    0x0000000008000000      0x1e4 Core/Startup/startup_stm32f103retx.o
                0x0000000008000000                g_pfnVectors
                0x00000000080001e4                . = ALIGN (0x4)

.text           0x00000000080001e4     0x3ac0
                0x00000000080001e4                . = ALIGN (0x4)
 *(.text)
 .text          0x00000000080001e4       0x40 c:/st/stm32cubeide_1.3.0/stm32cubeide/plugins/com.st.stm32cube.ide.mcu.externaltools.gnu-tools-for-stm32.7-2018-q2-update.win32_1.0.0.201904181610/tools/bin/../lib/gcc/arm-none-eabi/7.3.1/thumb/v7-m/crtbegin.o
 *(.text*)
 .text.main     0x0000000008000224       0x5c Core/Src/main.o
                0x0000000008000224                main
 .text.SystemClock_Config
                0x0000000008000280       0xba Core/Src/main.o
                0x0000000008000280                SystemClock_Config
 *fill*         0x000000000800033a        0x2 
 .text.MX_ADC1_Init
                0x000000000800033c       0x7c Core/Src/main.o
 .text.MX_I2C2_Init
                0x00000000080003b8       0x5c Core/Src/main.o
 .text.MX_SPI2_Init
                0x0000000008000414       0x6c Core/Src/main.o
 .text.MX_TIM4_Init
                0x0000000008000480       0xb4 Core/Src/main.o
 .text.MX_TIM8_Init
                0x0000000008000534      0x108 Core/Src/main.o
 .text.MX_UART4_Init
                0x000000000800063c       0x54 Core/Src/main.o
 .text.MX_USART1_UART_Init
                0x0000000008000690       0x54 Core/Src/main.o
 .text.MX_DMA_Init
                0x00000000080006e4       0x3c Core/Src/main.o
 .text.MX_GPIO_Init
                0x0000000008000720      0x1c8 Core/Src/main.o
 .text.HAL_UART_RxCpltCallback
                0x00000000080008e8       0x16 Core/Src/main.o
                0x00000000080008e8                HAL_UART_RxCpltCallback
 .text.Error_Handler
                0x00000000080008fe        0xc Core/Src/main.o
                0x00000000080008fe                Error_Handler
 *fill*         0x000000000800090a        0x2 
 .text.HAL_MspInit
                0x000000000800090c       0x64 Core/Src/stm32f1xx_hal_msp.o
                0x000000000800090c                HAL_MspInit
 .text.HAL_ADC_MspInit
                0x0000000008000970      0x100 Core/Src/stm32f1xx_hal_msp.o
                0x0000000008000970                HAL_ADC_MspInit
 .text.HAL_I2C_MspInit
                0x0000000008000a70       0x80 Core/Src/stm32f1xx_hal_msp.o
                0x0000000008000a70                HAL_I2C_MspInit
 .text.HAL_SPI_MspInit
                0x0000000008000af0       0x98 Core/Src/stm32f1xx_hal_msp.o
                0x0000000008000af0                HAL_SPI_MspInit
 .text.HAL_TIM_PWM_MspInit
                0x0000000008000b88       0x64 Core/Src/stm32f1xx_hal_msp.o
                0x0000000008000b88                HAL_TIM_PWM_MspInit
 .text.HAL_TIM_MspPostInit
                0x0000000008000bec       0xa8 Core/Src/stm32f1xx_hal_msp.o
                0x0000000008000bec                HAL_TIM_MspPostInit
 .text.HAL_UART_MspInit
                0x0000000008000c94      0x120 Core/Src/stm32f1xx_hal_msp.o
                0x0000000008000c94                HAL_UART_MspInit
 .text.NMI_Handler
                0x0000000008000db4        0xc Core/Src/stm32f1xx_it.o
                0x0000000008000db4                NMI_Handler
 .text.HardFault_Handler
                0x0000000008000dc0        0x6 Core/Src/stm32f1xx_it.o
                0x0000000008000dc0                HardFault_Handler
 .text.MemManage_Handler
                0x0000000008000dc6        0x6 Core/Src/stm32f1xx_it.o
                0x0000000008000dc6                MemManage_Handler
 .text.BusFault_Handler
                0x0000000008000dcc        0x6 Core/Src/stm32f1xx_it.o
                0x0000000008000dcc                BusFault_Handler
 .text.UsageFault_Handler
                0x0000000008000dd2        0x6 Core/Src/stm32f1xx_it.o
                0x0000000008000dd2                UsageFault_Handler
 .text.SVC_Handler
                0x0000000008000dd8        0xc Core/Src/stm32f1xx_it.o
                0x0000000008000dd8                SVC_Handler
 .text.DebugMon_Handler
                0x0000000008000de4        0xc Core/Src/stm32f1xx_it.o
                0x0000000008000de4                DebugMon_Handler
 .text.PendSV_Handler
                0x0000000008000df0        0xc Core/Src/stm32f1xx_it.o
                0x0000000008000df0                PendSV_Handler
 .text.SysTick_Handler
                0x0000000008000dfc        0xc Core/Src/stm32f1xx_it.o
                0x0000000008000dfc                SysTick_Handler
 .text.DMA1_Channel1_IRQHandler
                0x0000000008000e08       0x14 Core/Src/stm32f1xx_it.o
                0x0000000008000e08                DMA1_Channel1_IRQHandler
 .text.USART1_IRQHandler
                0x0000000008000e1c       0x14 Core/Src/stm32f1xx_it.o
                0x0000000008000e1c                USART1_IRQHandler
 .text.SystemInit
                0x0000000008000e30       0x68 Core/Src/system_stm32f1xx.o
                0x0000000008000e30                SystemInit
 .text.Reset_Handler
                0x0000000008000e98       0x48 Core/Startup/startup_stm32f103retx.o
                0x0000000008000e98                Reset_Handler
 .text.Default_Handler
                0x0000000008000ee0        0x2 Core/Startup/startup_stm32f103retx.o
                0x0000000008000ee0                RTC_Alarm_IRQHandler
                0x0000000008000ee0                EXTI2_IRQHandler
                0x0000000008000ee0                TIM8_TRG_COM_IRQHandler
                0x0000000008000ee0                TIM8_CC_IRQHandler
                0x0000000008000ee0                TIM1_CC_IRQHandler
                0x0000000008000ee0                TIM6_IRQHandler
                0x0000000008000ee0                PVD_IRQHandler
                0x0000000008000ee0                SDIO_IRQHandler
                0x0000000008000ee0                EXTI3_IRQHandler
                0x0000000008000ee0                EXTI0_IRQHandler
                0x0000000008000ee0                I2C2_EV_IRQHandler
                0x0000000008000ee0                ADC1_2_IRQHandler
                0x0000000008000ee0                SPI1_IRQHandler
                0x0000000008000ee0                TAMPER_IRQHandler
                0x0000000008000ee0                TIM8_UP_IRQHandler
                0x0000000008000ee0                DMA2_Channel2_IRQHandler
                0x0000000008000ee0                DMA1_Channel4_IRQHandler
                0x0000000008000ee0                USART3_IRQHandler
                0x0000000008000ee0                RTC_IRQHandler
                0x0000000008000ee0                DMA1_Channel7_IRQHandler
                0x0000000008000ee0                CAN1_RX1_IRQHandler
                0x0000000008000ee0                UART5_IRQHandler
                0x0000000008000ee0                ADC3_IRQHandler
                0x0000000008000ee0                TIM4_IRQHandler
                0x0000000008000ee0                DMA2_Channel1_IRQHandler
                0x0000000008000ee0                I2C1_EV_IRQHandler
                0x0000000008000ee0                DMA1_Channel6_IRQHandler
                0x0000000008000ee0                UART4_IRQHandler
                0x0000000008000ee0                TIM3_IRQHandler
                0x0000000008000ee0                RCC_IRQHandler
                0x0000000008000ee0                TIM1_TRG_COM_IRQHandler
                0x0000000008000ee0                Default_Handler
                0x0000000008000ee0                EXTI15_10_IRQHandler
                0x0000000008000ee0                TIM7_IRQHandler
                0x0000000008000ee0                TIM5_IRQHandler
                0x0000000008000ee0                EXTI9_5_IRQHandler
                0x0000000008000ee0                SPI2_IRQHandler
                0x0000000008000ee0                DMA1_Channel5_IRQHandler
                0x0000000008000ee0                EXTI4_IRQHandler
                0x0000000008000ee0                USB_LP_CAN1_RX0_IRQHandler
                0x0000000008000ee0                USB_HP_CAN1_TX_IRQHandler
                0x0000000008000ee0                DMA1_Channel3_IRQHandler
                0x0000000008000ee0                FSMC_IRQHandler
                0x0000000008000ee0                TIM1_UP_IRQHandler
                0x0000000008000ee0                WWDG_IRQHandler
                0x0000000008000ee0                TIM2_IRQHandler
                0x0000000008000ee0                TIM1_BRK_IRQHandler
                0x0000000008000ee0                EXTI1_IRQHandler
                0x0000000008000ee0                DMA2_Channel4_5_IRQHandler
                0x0000000008000ee0                USART2_IRQHandler
                0x0000000008000ee0                I2C2_ER_IRQHandler
                0x0000000008000ee0                DMA1_Channel2_IRQHandler
                0x0000000008000ee0                TIM8_BRK_IRQHandler
                0x0000000008000ee0                CAN1_SCE_IRQHandler
                0x0000000008000ee0                FLASH_IRQHandler
                0x0000000008000ee0                SPI3_IRQHandler
                0x0000000008000ee0                I2C1_ER_IRQHandler
                0x0000000008000ee0                USBWakeUp_IRQHandler
                0x0000000008000ee0                DMA2_Channel3_IRQHandler
 *fill*         0x0000000008000ee2        0x2 
 .text.HAL_Init
                0x0000000008000ee4       0x2c Drivers/STM32F1xx_HAL_Driver/Src/stm32f1xx_hal.o
                0x0000000008000ee4                HAL_Init
 .text.HAL_InitTick
                0x0000000008000f10       0x60 Drivers/STM32F1xx_HAL_Driver/Src/stm32f1xx_hal.o
                0x0000000008000f10                HAL_InitTick
 .text.HAL_IncTick
                0x0000000008000f70       0x24 Drivers/STM32F1xx_HAL_Driver/Src/stm32f1xx_hal.o
                0x0000000008000f70                HAL_IncTick
 .text.HAL_GetTick
                0x0000000008000f94       0x14 Drivers/STM32F1xx_HAL_Driver/Src/stm32f1xx_hal.o
                0x0000000008000f94                HAL_GetTick
 .text.HAL_Delay
                0x0000000008000fa8       0x44 Drivers/STM32F1xx_HAL_Driver/Src/stm32f1xx_hal.o
                0x0000000008000fa8                HAL_Delay
 .text.HAL_ADC_Init
                0x0000000008000fec      0x1d4 Drivers/STM32F1xx_HAL_Driver/Src/stm32f1xx_hal_adc.o
                0x0000000008000fec                HAL_ADC_Init
 .text.HAL_ADC_ConfigChannel
                0x00000000080011c0      0x1f0 Drivers/STM32F1xx_HAL_Driver/Src/stm32f1xx_hal_adc.o
                0x00000000080011c0                HAL_ADC_ConfigChannel
 .text.ADC_ConversionStop_Disable
                0x00000000080013b0       0x74 Drivers/STM32F1xx_HAL_Driver/Src/stm32f1xx_hal_adc.o
                0x00000000080013b0                ADC_ConversionStop_Disable
 .text.__NVIC_SetPriorityGrouping
                0x0000000008001424       0x48 Drivers/STM32F1xx_HAL_Driver/Src/stm32f1xx_hal_cortex.o
 .text.__NVIC_GetPriorityGrouping
                0x000000000800146c       0x1c Drivers/STM32F1xx_HAL_Driver/Src/stm32f1xx_hal_cortex.o
 .text.__NVIC_EnableIRQ
                0x0000000008001488       0x38 Drivers/STM32F1xx_HAL_Driver/Src/stm32f1xx_hal_cortex.o
 .text.__NVIC_SetPriority
                0x00000000080014c0       0x54 Drivers/STM32F1xx_HAL_Driver/Src/stm32f1xx_hal_cortex.o
 .text.NVIC_EncodePriority
                0x0000000008001514       0x64 Drivers/STM32F1xx_HAL_Driver/Src/stm32f1xx_hal_cortex.o
 .text.SysTick_Config
                0x0000000008001578       0x44 Drivers/STM32F1xx_HAL_Driver/Src/stm32f1xx_hal_cortex.o
 .text.HAL_NVIC_SetPriorityGrouping
                0x00000000080015bc       0x16 Drivers/STM32F1xx_HAL_Driver/Src/stm32f1xx_hal_cortex.o
                0x00000000080015bc                HAL_NVIC_SetPriorityGrouping
 .text.HAL_NVIC_SetPriority
                0x00000000080015d2       0x38 Drivers/STM32F1xx_HAL_Driver/Src/stm32f1xx_hal_cortex.o
                0x00000000080015d2                HAL_NVIC_SetPriority
 .text.HAL_NVIC_EnableIRQ
                0x000000000800160a       0x1c Drivers/STM32F1xx_HAL_Driver/Src/stm32f1xx_hal_cortex.o
                0x000000000800160a                HAL_NVIC_EnableIRQ
 .text.HAL_SYSTICK_Config
                0x0000000008001626       0x18 Drivers/STM32F1xx_HAL_Driver/Src/stm32f1xx_hal_cortex.o
                0x0000000008001626                HAL_SYSTICK_Config
 *fill*         0x000000000800163e        0x2 
 .text.HAL_DMA_Init
                0x0000000008001640       0xec Drivers/STM32F1xx_HAL_Driver/Src/stm32f1xx_hal_dma.o
                0x0000000008001640                HAL_DMA_Init
 .text.HAL_DMA_Abort_IT
                0x000000000800172c      0x210 Drivers/STM32F1xx_HAL_Driver/Src/stm32f1xx_hal_dma.o
                0x000000000800172c                HAL_DMA_Abort_IT
 .text.HAL_DMA_IRQHandler
                0x000000000800193c      0x478 Drivers/STM32F1xx_HAL_Driver/Src/stm32f1xx_hal_dma.o
                0x000000000800193c                HAL_DMA_IRQHandler
 .text.HAL_GPIO_Init
                0x0000000008001db4      0x2d4 Drivers/STM32F1xx_HAL_Driver/Src/stm32f1xx_hal_gpio.o
                0x0000000008001db4                HAL_GPIO_Init
 .text.HAL_GPIO_WritePin
                0x0000000008002088       0x30 Drivers/STM32F1xx_HAL_Driver/Src/stm32f1xx_hal_gpio.o
                0x0000000008002088                HAL_GPIO_WritePin
 .text.HAL_I2C_Init
                0x00000000080020b8      0x250 Drivers/STM32F1xx_HAL_Driver/Src/stm32f1xx_hal_i2c.o
                0x00000000080020b8                HAL_I2C_Init
 .text.HAL_RCC_OscConfig
                0x0000000008002308      0x500 Drivers/STM32F1xx_HAL_Driver/Src/stm32f1xx_hal_rcc.o
                0x0000000008002308                HAL_RCC_OscConfig
 .text.HAL_RCC_ClockConfig
                0x0000000008002808      0x1d4 Drivers/STM32F1xx_HAL_Driver/Src/stm32f1xx_hal_rcc.o
                0x0000000008002808                HAL_RCC_ClockConfig
 .text.HAL_RCC_GetSysClockFreq
                0x00000000080029dc       0xc4 Drivers/STM32F1xx_HAL_Driver/Src/stm32f1xx_hal_rcc.o
                0x00000000080029dc                HAL_RCC_GetSysClockFreq
 .text.HAL_RCC_GetHCLKFreq
                0x0000000008002aa0       0x14 Drivers/STM32F1xx_HAL_Driver/Src/stm32f1xx_hal_rcc.o
                0x0000000008002aa0                HAL_RCC_GetHCLKFreq
 .text.HAL_RCC_GetPCLK1Freq
                0x0000000008002ab4       0x28 Drivers/STM32F1xx_HAL_Driver/Src/stm32f1xx_hal_rcc.o
                0x0000000008002ab4                HAL_RCC_GetPCLK1Freq
 .text.HAL_RCC_GetPCLK2Freq
                0x0000000008002adc       0x28 Drivers/STM32F1xx_HAL_Driver/Src/stm32f1xx_hal_rcc.o
                0x0000000008002adc                HAL_RCC_GetPCLK2Freq
 .text.RCC_Delay
                0x0000000008002b04       0x3c Drivers/STM32F1xx_HAL_Driver/Src/stm32f1xx_hal_rcc.o
 .text.HAL_RCCEx_PeriphCLKConfig
                0x0000000008002b40      0x16c Drivers/STM32F1xx_HAL_Driver/Src/stm32f1xx_hal_rcc_ex.o
                0x0000000008002b40                HAL_RCCEx_PeriphCLKConfig
 .text.HAL_SPI_Init
                0x0000000008002cac       0xc2 Drivers/STM32F1xx_HAL_Driver/Src/stm32f1xx_hal_spi.o
                0x0000000008002cac                HAL_SPI_Init
 .text.HAL_TIM_PWM_Init
                0x0000000008002d6e       0x56 Drivers/STM32F1xx_HAL_Driver/Src/stm32f1xx_hal_tim.o
                0x0000000008002d6e                HAL_TIM_PWM_Init
 .text.HAL_TIM_PWM_Start
                0x0000000008002dc4       0x7c Drivers/STM32F1xx_HAL_Driver/Src/stm32f1xx_hal_tim.o
                0x0000000008002dc4                HAL_TIM_PWM_Start
 .text.HAL_TIM_PWM_ConfigChannel
                0x0000000008002e40      0x18c Drivers/STM32F1xx_HAL_Driver/Src/stm32f1xx_hal_tim.o
                0x0000000008002e40                HAL_TIM_PWM_ConfigChannel
 .text.TIM_Base_SetConfig
                0x0000000008002fcc       0xf4 Drivers/STM32F1xx_HAL_Driver/Src/stm32f1xx_hal_tim.o
                0x0000000008002fcc                TIM_Base_SetConfig
 .text.TIM_OC1_SetConfig
                0x00000000080030c0       0xe0 Drivers/STM32F1xx_HAL_Driver/Src/stm32f1xx_hal_tim.o
 .text.TIM_OC2_SetConfig
                0x00000000080031a0       0xe8 Drivers/STM32F1xx_HAL_Driver/Src/stm32f1xx_hal_tim.o
                0x00000000080031a0                TIM_OC2_SetConfig
 .text.TIM_OC3_SetConfig
                0x0000000008003288       0xe8 Drivers/STM32F1xx_HAL_Driver/Src/stm32f1xx_hal_tim.o
 .text.TIM_OC4_SetConfig
                0x0000000008003370       0xa8 Drivers/STM32F1xx_HAL_Driver/Src/stm32f1xx_hal_tim.o
 .text.TIM_CCxChannelCmd
                0x0000000008003418       0x48 Drivers/STM32F1xx_HAL_Driver/Src/stm32f1xx_hal_tim.o
                0x0000000008003418                TIM_CCxChannelCmd
 .text.HAL_TIMEx_MasterConfigSynchronization
                0x0000000008003460       0x88 Drivers/STM32F1xx_HAL_Driver/Src/stm32f1xx_hal_tim_ex.o
                0x0000000008003460                HAL_TIMEx_MasterConfigSynchronization
 .text.HAL_TIMEx_ConfigBreakDeadTime
                0x00000000080034e8       0xa2 Drivers/STM32F1xx_HAL_Driver/Src/stm32f1xx_hal_tim_ex.o
                0x00000000080034e8                HAL_TIMEx_ConfigBreakDeadTime
 .text.HAL_UART_Init
                0x000000000800358a       0x9a Drivers/STM32F1xx_HAL_Driver/Src/stm32f1xx_hal_uart.o
                0x000000000800358a                HAL_UART_Init
 .text.HAL_UART_IRQHandler
                0x0000000008003624      0x1f8 Drivers/STM32F1xx_HAL_Driver/Src/stm32f1xx_hal_uart.o
                0x0000000008003624                HAL_UART_IRQHandler
 .text.HAL_UART_TxCpltCallback
                0x000000000800381c       0x12 Drivers/STM32F1xx_HAL_Driver/Src/stm32f1xx_hal_uart.o
                0x000000000800381c                HAL_UART_TxCpltCallback
 .text.HAL_UART_ErrorCallback
                0x000000000800382e       0x12 Drivers/STM32F1xx_HAL_Driver/Src/stm32f1xx_hal_uart.o
                0x000000000800382e                HAL_UART_ErrorCallback
 .text.UART_EndRxTransfer
                0x0000000008003840       0x3a Drivers/STM32F1xx_HAL_Driver/Src/stm32f1xx_hal_uart.o
 .text.UART_DMAAbortOnError
                0x000000000800387a       0x28 Drivers/STM32F1xx_HAL_Driver/Src/stm32f1xx_hal_uart.o
 .text.UART_Transmit_IT
                0x00000000080038a2       0xaa Drivers/STM32F1xx_HAL_Driver/Src/stm32f1xx_hal_uart.o
 .text.UART_EndTransmit_IT
                0x000000000800394c       0x30 Drivers/STM32F1xx_HAL_Driver/Src/stm32f1xx_hal_uart.o
 .text.UART_Receive_IT
                0x000000000800397c      0x102 Drivers/STM32F1xx_HAL_Driver/Src/stm32f1xx_hal_uart.o
 *fill*         0x0000000008003a7e        0x2 
 .text.UART_SetConfig
                0x0000000008003a80      0x1b4 Drivers/STM32F1xx_HAL_Driver/Src/stm32f1xx_hal_uart.o
 .text.__libc_init_array
                0x0000000008003c34       0x48 c:/st/stm32cubeide_1.3.0/stm32cubeide/plugins/com.st.stm32cube.ide.mcu.externaltools.gnu-tools-for-stm32.7-2018-q2-update.win32_1.0.0.201904181610/tools/bin/../lib/gcc/arm-none-eabi/7.3.1/../../../../arm-none-eabi/lib/thumb/v7-m\libc_nano.a(lib_a-init.o)
                0x0000000008003c34                __libc_init_array
 .text.memset   0x0000000008003c7c       0x10 c:/st/stm32cubeide_1.3.0/stm32cubeide/plugins/com.st.stm32cube.ide.mcu.externaltools.gnu-tools-for-stm32.7-2018-q2-update.win32_1.0.0.201904181610/tools/bin/../lib/gcc/arm-none-eabi/7.3.1/../../../../arm-none-eabi/lib/thumb/v7-m\libc_nano.a(lib_a-memset.o)
                0x0000000008003c7c                memset
 *(.glue_7)
 .glue_7        0x0000000008003c8c        0x0 linker stubs
 *(.glue_7t)
 .glue_7t       0x0000000008003c8c        0x0 linker stubs
 *(.eh_frame)
 .eh_frame      0x0000000008003c8c        0x0 c:/st/stm32cubeide_1.3.0/stm32cubeide/plugins/com.st.stm32cube.ide.mcu.externaltools.gnu-tools-for-stm32.7-2018-q2-update.win32_1.0.0.201904181610/tools/bin/../lib/gcc/arm-none-eabi/7.3.1/thumb/v7-m/crtbegin.o
 *(.init)
 .init          0x0000000008003c8c        0x4 c:/st/stm32cubeide_1.3.0/stm32cubeide/plugins/com.st.stm32cube.ide.mcu.externaltools.gnu-tools-for-stm32.7-2018-q2-update.win32_1.0.0.201904181610/tools/bin/../lib/gcc/arm-none-eabi/7.3.1/thumb/v7-m/crti.o
                0x0000000008003c8c                _init
 .init          0x0000000008003c90        0x8 c:/st/stm32cubeide_1.3.0/stm32cubeide/plugins/com.st.stm32cube.ide.mcu.externaltools.gnu-tools-for-stm32.7-2018-q2-update.win32_1.0.0.201904181610/tools/bin/../lib/gcc/arm-none-eabi/7.3.1/thumb/v7-m/crtn.o
 *(.fini)
 .fini          0x0000000008003c98        0x4 c:/st/stm32cubeide_1.3.0/stm32cubeide/plugins/com.st.stm32cube.ide.mcu.externaltools.gnu-tools-for-stm32.7-2018-q2-update.win32_1.0.0.201904181610/tools/bin/../lib/gcc/arm-none-eabi/7.3.1/thumb/v7-m/crti.o
                0x0000000008003c98                _fini
 .fini          0x0000000008003c9c        0x8 c:/st/stm32cubeide_1.3.0/stm32cubeide/plugins/com.st.stm32cube.ide.mcu.externaltools.gnu-tools-for-stm32.7-2018-q2-update.win32_1.0.0.201904181610/tools/bin/../lib/gcc/arm-none-eabi/7.3.1/thumb/v7-m/crtn.o
                0x0000000008003ca4                . = ALIGN (0x4)
                0x0000000008003ca4                _etext = .

.vfp11_veneer   0x0000000008003ca4        0x0
 .vfp11_veneer  0x0000000008003ca4        0x0 linker stubs

.v4_bx          0x0000000008003ca4        0x0
 .v4_bx         0x0000000008003ca4        0x0 linker stubs

.iplt           0x0000000008003ca4        0x0
 .iplt          0x0000000008003ca4        0x0 c:/st/stm32cubeide_1.3.0/stm32cubeide/plugins/com.st.stm32cube.ide.mcu.externaltools.gnu-tools-for-stm32.7-2018-q2-update.win32_1.0.0.201904181610/tools/bin/../lib/gcc/arm-none-eabi/7.3.1/thumb/v7-m/crtbegin.o

.rodata         0x0000000008003ca4       0x2c
                0x0000000008003ca4                . = ALIGN (0x4)
 *(.rodata)
 .rodata        0x0000000008003ca4       0x12 Drivers/STM32F1xx_HAL_Driver/Src/stm32f1xx_hal_rcc.o
 *(.rodata*)
 *fill*         0x0000000008003cb6        0x2 
 .rodata.AHBPrescTable
                0x0000000008003cb8       0x10 Core/Src/system_stm32f1xx.o
                0x0000000008003cb8                AHBPrescTable
 .rodata.APBPrescTable
                0x0000000008003cc8        0x8 Core/Src/system_stm32f1xx.o
                0x0000000008003cc8                APBPrescTable
                0x0000000008003cd0                . = ALIGN (0x4)

.rel.dyn        0x0000000008003cd0        0x0
 .rel.iplt      0x0000000008003cd0        0x0 c:/st/stm32cubeide_1.3.0/stm32cubeide/plugins/com.st.stm32cube.ide.mcu.externaltools.gnu-tools-for-stm32.7-2018-q2-update.win32_1.0.0.201904181610/tools/bin/../lib/gcc/arm-none-eabi/7.3.1/thumb/v7-m/crtbegin.o

.ARM.extab      0x0000000008003cd0        0x0
                0x0000000008003cd0                . = ALIGN (0x4)
 *(.ARM.extab* .gnu.linkonce.armextab.*)
                0x0000000008003cd0                . = ALIGN (0x4)

.ARM            0x0000000008003cd0        0x0
                0x0000000008003cd0                . = ALIGN (0x4)
                0x0000000008003cd0                __exidx_start = .
 *(.ARM.exidx*)
                0x0000000008003cd0                __exidx_end = .
                0x0000000008003cd0                . = ALIGN (0x4)

.preinit_array  0x0000000008003cd0        0x0
                0x0000000008003cd0                . = ALIGN (0x4)
                0x0000000008003cd0                PROVIDE (__preinit_array_start = .)
 *(.preinit_array*)
                0x0000000008003cd0                PROVIDE (__preinit_array_end = .)
                0x0000000008003cd0                . = ALIGN (0x4)

.init_array     0x0000000008003cd0        0x4
                0x0000000008003cd0                . = ALIGN (0x4)
                0x0000000008003cd0                PROVIDE (__init_array_start = .)
 *(SORT_BY_NAME(.init_array.*))
 *(.init_array*)
 .init_array    0x0000000008003cd0        0x4 c:/st/stm32cubeide_1.3.0/stm32cubeide/plugins/com.st.stm32cube.ide.mcu.externaltools.gnu-tools-for-stm32.7-2018-q2-update.win32_1.0.0.201904181610/tools/bin/../lib/gcc/arm-none-eabi/7.3.1/thumb/v7-m/crtbegin.o
                0x0000000008003cd4                PROVIDE (__init_array_end = .)
                0x0000000008003cd4                . = ALIGN (0x4)

.fini_array     0x0000000008003cd4        0x4
                0x0000000008003cd4                . = ALIGN (0x4)
                [!provide]                        PROVIDE (__fini_array_start = .)
 *(SORT_BY_NAME(.fini_array.*))
 *(.fini_array*)
 .fini_array    0x0000000008003cd4        0x4 c:/st/stm32cubeide_1.3.0/stm32cubeide/plugins/com.st.stm32cube.ide.mcu.externaltools.gnu-tools-for-stm32.7-2018-q2-update.win32_1.0.0.201904181610/tools/bin/../lib/gcc/arm-none-eabi/7.3.1/thumb/v7-m/crtbegin.o
                [!provide]                        PROVIDE (__fini_array_end = .)
                0x0000000008003cd8                . = ALIGN (0x4)
                0x0000000008003cd8                _sidata = LOADADDR (.data)

.data           0x0000000020000000        0xc load address 0x0000000008003cd8
                0x0000000020000000                . = ALIGN (0x4)
                0x0000000020000000                _sdata = .
 *(.data)
 *(.data*)
 .data.SystemCoreClock
                0x0000000020000000        0x4 Core/Src/system_stm32f1xx.o
                0x0000000020000000                SystemCoreClock
 .data.uwTickPrio
                0x0000000020000004        0x4 Drivers/STM32F1xx_HAL_Driver/Src/stm32f1xx_hal.o
                0x0000000020000004                uwTickPrio
 .data.uwTickFreq
                0x0000000020000008        0x1 Drivers/STM32F1xx_HAL_Driver/Src/stm32f1xx_hal.o
                0x0000000020000008                uwTickFreq
                0x000000002000000c                . = ALIGN (0x4)
 *fill*         0x0000000020000009        0x3 
                0x000000002000000c                _edata = .

.igot.plt       0x000000002000000c        0x0 load address 0x0000000008003ce4
 .igot.plt      0x000000002000000c        0x0 c:/st/stm32cubeide_1.3.0/stm32cubeide/plugins/com.st.stm32cube.ide.mcu.externaltools.gnu-tools-for-stm32.7-2018-q2-update.win32_1.0.0.201904181610/tools/bin/../lib/gcc/arm-none-eabi/7.3.1/thumb/v7-m/crtbegin.o
                0x000000002000000c                . = ALIGN (0x4)

.bss            0x000000002000000c      0x340 load address 0x0000000008003ce4
                0x000000002000000c                _sbss = .
                0x000000002000000c                __bss_start__ = _sbss
 *(.bss)
 .bss           0x000000002000000c       0x1c c:/st/stm32cubeide_1.3.0/stm32cubeide/plugins/com.st.stm32cube.ide.mcu.externaltools.gnu-tools-for-stm32.7-2018-q2-update.win32_1.0.0.201904181610/tools/bin/../lib/gcc/arm-none-eabi/7.3.1/thumb/v7-m/crtbegin.o
 *(.bss*)
 *(COMMON)
 COMMON         0x0000000020000028      0x320 Core/Src/main.o
                0x0000000020000028                hspi2
                0x0000000020000080                htim8
                0x00000000200000c0                htim4
                0x0000000020000100                hi2c2
                0x0000000020000154                hadc1
                0x0000000020000184                huart1
                0x00000000200001c4                hdma_adc1
                0x0000000020000208                huart4
                0x0000000020000248                adc_buf
 COMMON         0x0000000020000348        0x4 Drivers/STM32F1xx_HAL_Driver/Src/stm32f1xx_hal.o
                0x0000000020000348                uwTick
                0x000000002000034c                . = ALIGN (0x4)
                0x000000002000034c                _ebss = .
                0x000000002000034c                __bss_end__ = _ebss

._user_heap_stack
                0x000000002000034c      0x604 load address 0x0000000008003ce4
                0x0000000020000350                . = ALIGN (0x8)
 *fill*         0x000000002000034c        0x4 
                0x0000000020000350                PROVIDE (end = .)
                [!provide]                        PROVIDE (_end = .)
                0x0000000020000550                . = (. + _Min_Heap_Size)
 *fill*         0x0000000020000350      0x200 
                0x0000000020000950                . = (. + _Min_Stack_Size)
 *fill*         0x0000000020000550      0x400 
                0x0000000020000950                . = ALIGN (0x8)

/DISCARD/
 libc.a(*)
 libm.a(*)
 libgcc.a(*)

.ARM.attributes
                0x0000000000000000       0x29
 *(.ARM.attributes)
 .ARM.attributes
                0x0000000000000000       0x1d c:/st/stm32cubeide_1.3.0/stm32cubeide/plugins/com.st.stm32cube.ide.mcu.externaltools.gnu-tools-for-stm32.7-2018-q2-update.win32_1.0.0.201904181610/tools/bin/../lib/gcc/arm-none-eabi/7.3.1/thumb/v7-m/crti.o
 .ARM.attributes
                0x000000000000001d       0x2d c:/st/stm32cubeide_1.3.0/stm32cubeide/plugins/com.st.stm32cube.ide.mcu.externaltools.gnu-tools-for-stm32.7-2018-q2-update.win32_1.0.0.201904181610/tools/bin/../lib/gcc/arm-none-eabi/7.3.1/thumb/v7-m/crtbegin.o
 .ARM.attributes
                0x000000000000004a       0x33 Core/Src/main.o
 .ARM.attributes
                0x000000000000007d       0x33 Core/Src/stm32f1xx_hal_msp.o
 .ARM.attributes
                0x00000000000000b0       0x33 Core/Src/stm32f1xx_it.o
 .ARM.attributes
                0x00000000000000e3       0x33 Core/Src/system_stm32f1xx.o
 .ARM.attributes
                0x0000000000000116       0x21 Core/Startup/startup_stm32f103retx.o
 .ARM.attributes
                0x0000000000000137       0x33 Drivers/STM32F1xx_HAL_Driver/Src/stm32f1xx_hal.o
 .ARM.attributes
                0x000000000000016a       0x33 Drivers/STM32F1xx_HAL_Driver/Src/stm32f1xx_hal_adc.o
 .ARM.attributes
                0x000000000000019d       0x33 Drivers/STM32F1xx_HAL_Driver/Src/stm32f1xx_hal_cortex.o
 .ARM.attributes
                0x00000000000001d0       0x33 Drivers/STM32F1xx_HAL_Driver/Src/stm32f1xx_hal_dma.o
 .ARM.attributes
                0x0000000000000203       0x33 Drivers/STM32F1xx_HAL_Driver/Src/stm32f1xx_hal_gpio.o
 .ARM.attributes
                0x0000000000000236       0x33 Drivers/STM32F1xx_HAL_Driver/Src/stm32f1xx_hal_i2c.o
 .ARM.attributes
                0x0000000000000269       0x33 Drivers/STM32F1xx_HAL_Driver/Src/stm32f1xx_hal_rcc.o
 .ARM.attributes
                0x000000000000029c       0x33 Drivers/STM32F1xx_HAL_Driver/Src/stm32f1xx_hal_rcc_ex.o
 .ARM.attributes
                0x00000000000002cf       0x33 Drivers/STM32F1xx_HAL_Driver/Src/stm32f1xx_hal_spi.o
 .ARM.attributes
                0x0000000000000302       0x33 Drivers/STM32F1xx_HAL_Driver/Src/stm32f1xx_hal_tim.o
 .ARM.attributes
                0x0000000000000335       0x33 Drivers/STM32F1xx_HAL_Driver/Src/stm32f1xx_hal_tim_ex.o
 .ARM.attributes
                0x0000000000000368       0x33 Drivers/STM32F1xx_HAL_Driver/Src/stm32f1xx_hal_uart.o
 .ARM.attributes
                0x000000000000039b       0x2d c:/st/stm32cubeide_1.3.0/stm32cubeide/plugins/com.st.stm32cube.ide.mcu.externaltools.gnu-tools-for-stm32.7-2018-q2-update.win32_1.0.0.201904181610/tools/bin/../lib/gcc/arm-none-eabi/7.3.1/../../../../arm-none-eabi/lib/thumb/v7-m\libc_nano.a(lib_a-init.o)
 .ARM.attributes
                0x00000000000003c8       0x2d c:/st/stm32cubeide_1.3.0/stm32cubeide/plugins/com.st.stm32cube.ide.mcu.externaltools.gnu-tools-for-stm32.7-2018-q2-update.win32_1.0.0.201904181610/tools/bin/../lib/gcc/arm-none-eabi/7.3.1/../../../../arm-none-eabi/lib/thumb/v7-m\libc_nano.a(lib_a-memset.o)
 .ARM.attributes
                0x00000000000003f5       0x1d c:/st/stm32cubeide_1.3.0/stm32cubeide/plugins/com.st.stm32cube.ide.mcu.externaltools.gnu-tools-for-stm32.7-2018-q2-update.win32_1.0.0.201904181610/tools/bin/../lib/gcc/arm-none-eabi/7.3.1/thumb/v7-m/crtn.o
OUTPUT(IN3ATOR.elf elf32-littlearm)

.debug_info     0x0000000000000000     0xfee3
 .debug_info    0x0000000000000000     0x20c3 Core/Src/main.o
 .debug_info    0x00000000000020c3     0x1650 Core/Src/stm32f1xx_hal_msp.o
 .debug_info    0x0000000000003713      0x8b1 Core/Src/stm32f1xx_it.o
 .debug_info    0x0000000000003fc4      0x433 Core/Src/system_stm32f1xx.o
 .debug_info    0x00000000000043f7       0x22 Core/Startup/startup_stm32f103retx.o
 .debug_info    0x0000000000004419      0x764 Drivers/STM32F1xx_HAL_Driver/Src/stm32f1xx_hal.o
 .debug_info    0x0000000000004b7d      0xc61 Drivers/STM32F1xx_HAL_Driver/Src/stm32f1xx_hal_adc.o
 .debug_info    0x00000000000057de      0xbac Drivers/STM32F1xx_HAL_Driver/Src/stm32f1xx_hal_cortex.o
 .debug_info    0x000000000000638a      0x7a6 Drivers/STM32F1xx_HAL_Driver/Src/stm32f1xx_hal_dma.o
 .debug_info    0x0000000000006b30      0x681 Drivers/STM32F1xx_HAL_Driver/Src/stm32f1xx_hal_gpio.o
 .debug_info    0x00000000000071b1     0x2457 Drivers/STM32F1xx_HAL_Driver/Src/stm32f1xx_hal_i2c.o
 .debug_info    0x0000000000009608      0x804 Drivers/STM32F1xx_HAL_Driver/Src/stm32f1xx_hal_rcc.o
 .debug_info    0x0000000000009e0c      0x453 Drivers/STM32F1xx_HAL_Driver/Src/stm32f1xx_hal_rcc_ex.o
 .debug_info    0x000000000000a25f     0x1547 Drivers/STM32F1xx_HAL_Driver/Src/stm32f1xx_hal_spi.o
 .debug_info    0x000000000000b7a6     0x2456 Drivers/STM32F1xx_HAL_Driver/Src/stm32f1xx_hal_tim.o
 .debug_info    0x000000000000dbfc     0x1104 Drivers/STM32F1xx_HAL_Driver/Src/stm32f1xx_hal_tim_ex.o
 .debug_info    0x000000000000ed00     0x11e3 Drivers/STM32F1xx_HAL_Driver/Src/stm32f1xx_hal_uart.o

.debug_abbrev   0x0000000000000000     0x2081
 .debug_abbrev  0x0000000000000000      0x2cb Core/Src/main.o
 .debug_abbrev  0x00000000000002cb      0x1f8 Core/Src/stm32f1xx_hal_msp.o
 .debug_abbrev  0x00000000000004c3      0x158 Core/Src/stm32f1xx_it.o
 .debug_abbrev  0x000000000000061b      0x134 Core/Src/system_stm32f1xx.o
 .debug_abbrev  0x000000000000074f       0x12 Core/Startup/startup_stm32f103retx.o
 .debug_abbrev  0x0000000000000761      0x1d8 Drivers/STM32F1xx_HAL_Driver/Src/stm32f1xx_hal.o
 .debug_abbrev  0x0000000000000939      0x1d5 Drivers/STM32F1xx_HAL_Driver/Src/stm32f1xx_hal_adc.o
 .debug_abbrev  0x0000000000000b0e      0x2d5 Drivers/STM32F1xx_HAL_Driver/Src/stm32f1xx_hal_cortex.o
 .debug_abbrev  0x0000000000000de3      0x1fe Drivers/STM32F1xx_HAL_Driver/Src/stm32f1xx_hal_dma.o
 .debug_abbrev  0x0000000000000fe1      0x1c0 Drivers/STM32F1xx_HAL_Driver/Src/stm32f1xx_hal_gpio.o
 .debug_abbrev  0x00000000000011a1      0x258 Drivers/STM32F1xx_HAL_Driver/Src/stm32f1xx_hal_i2c.o
 .debug_abbrev  0x00000000000013f9      0x243 Drivers/STM32F1xx_HAL_Driver/Src/stm32f1xx_hal_rcc.o
 .debug_abbrev  0x000000000000163c      0x175 Drivers/STM32F1xx_HAL_Driver/Src/stm32f1xx_hal_rcc_ex.o
 .debug_abbrev  0x00000000000017b1      0x240 Drivers/STM32F1xx_HAL_Driver/Src/stm32f1xx_hal_spi.o
 .debug_abbrev  0x00000000000019f1      0x230 Drivers/STM32F1xx_HAL_Driver/Src/stm32f1xx_hal_tim.o
 .debug_abbrev  0x0000000000001c21      0x21e Drivers/STM32F1xx_HAL_Driver/Src/stm32f1xx_hal_tim_ex.o
 .debug_abbrev  0x0000000000001e3f      0x242 Drivers/STM32F1xx_HAL_Driver/Src/stm32f1xx_hal_uart.o

.debug_aranges  0x0000000000000000     0x1158
 .debug_aranges
                0x0000000000000000       0x90 Core/Src/main.o
 .debug_aranges
                0x0000000000000090       0x78 Core/Src/stm32f1xx_hal_msp.o
 .debug_aranges
                0x0000000000000108       0x70 Core/Src/stm32f1xx_it.o
 .debug_aranges
                0x0000000000000178       0x28 Core/Src/system_stm32f1xx.o
 .debug_aranges
                0x00000000000001a0       0x28 Core/Startup/startup_stm32f103retx.o
 .debug_aranges
                0x00000000000001c8       0xe0 Drivers/STM32F1xx_HAL_Driver/Src/stm32f1xx_hal.o
 .debug_aranges
                0x00000000000002a8       0xf0 Drivers/STM32F1xx_HAL_Driver/Src/stm32f1xx_hal_adc.o
 .debug_aranges
                0x0000000000000398      0x100 Drivers/STM32F1xx_HAL_Driver/Src/stm32f1xx_hal_cortex.o
 .debug_aranges
                0x0000000000000498       0x80 Drivers/STM32F1xx_HAL_Driver/Src/stm32f1xx_hal_dma.o
 .debug_aranges
                0x0000000000000518       0x58 Drivers/STM32F1xx_HAL_Driver/Src/stm32f1xx_hal_gpio.o
 .debug_aranges
                0x0000000000000570      0x290 Drivers/STM32F1xx_HAL_Driver/Src/stm32f1xx_hal_i2c.o
 .debug_aranges
                0x0000000000000800       0x90 Drivers/STM32F1xx_HAL_Driver/Src/stm32f1xx_hal_rcc.o
 .debug_aranges
                0x0000000000000890       0x30 Drivers/STM32F1xx_HAL_Driver/Src/stm32f1xx_hal_rcc_ex.o
 .debug_aranges
                0x00000000000008c0      0x1d0 Drivers/STM32F1xx_HAL_Driver/Src/stm32f1xx_hal_spi.o
 .debug_aranges
                0x0000000000000a90      0x3a8 Drivers/STM32F1xx_HAL_Driver/Src/stm32f1xx_hal_tim.o
 .debug_aranges
                0x0000000000000e38      0x150 Drivers/STM32F1xx_HAL_Driver/Src/stm32f1xx_hal_tim_ex.o
 .debug_aranges
                0x0000000000000f88      0x1d0 Drivers/STM32F1xx_HAL_Driver/Src/stm32f1xx_hal_uart.o

.debug_ranges   0x0000000000000000     0x1070
 .debug_ranges  0x0000000000000000       0x80 Core/Src/main.o
 .debug_ranges  0x0000000000000080       0x68 Core/Src/stm32f1xx_hal_msp.o
 .debug_ranges  0x00000000000000e8       0x60 Core/Src/stm32f1xx_it.o
 .debug_ranges  0x0000000000000148       0x18 Core/Src/system_stm32f1xx.o
 .debug_ranges  0x0000000000000160       0x20 Core/Startup/startup_stm32f103retx.o
 .debug_ranges  0x0000000000000180       0xd0 Drivers/STM32F1xx_HAL_Driver/Src/stm32f1xx_hal.o
 .debug_ranges  0x0000000000000250       0xe0 Drivers/STM32F1xx_HAL_Driver/Src/stm32f1xx_hal_adc.o
 .debug_ranges  0x0000000000000330       0xf0 Drivers/STM32F1xx_HAL_Driver/Src/stm32f1xx_hal_cortex.o
 .debug_ranges  0x0000000000000420       0x70 Drivers/STM32F1xx_HAL_Driver/Src/stm32f1xx_hal_dma.o
 .debug_ranges  0x0000000000000490       0x48 Drivers/STM32F1xx_HAL_Driver/Src/stm32f1xx_hal_gpio.o
 .debug_ranges  0x00000000000004d8      0x2a0 Drivers/STM32F1xx_HAL_Driver/Src/stm32f1xx_hal_i2c.o
 .debug_ranges  0x0000000000000778       0x80 Drivers/STM32F1xx_HAL_Driver/Src/stm32f1xx_hal_rcc.o
 .debug_ranges  0x00000000000007f8       0x20 Drivers/STM32F1xx_HAL_Driver/Src/stm32f1xx_hal_rcc_ex.o
 .debug_ranges  0x0000000000000818      0x1c0 Drivers/STM32F1xx_HAL_Driver/Src/stm32f1xx_hal_spi.o
 .debug_ranges  0x00000000000009d8      0x398 Drivers/STM32F1xx_HAL_Driver/Src/stm32f1xx_hal_tim.o
 .debug_ranges  0x0000000000000d70      0x140 Drivers/STM32F1xx_HAL_Driver/Src/stm32f1xx_hal_tim_ex.o
 .debug_ranges  0x0000000000000eb0      0x1c0 Drivers/STM32F1xx_HAL_Driver/Src/stm32f1xx_hal_uart.o

.debug_macro    0x0000000000000000     0x2bf9
 .debug_macro   0x0000000000000000      0x378 Core/Src/main.o
 .debug_macro   0x0000000000000378       0xe8 Core/Src/main.o
 .debug_macro   0x0000000000000460       0x96 Core/Src/main.o
 .debug_macro   0x00000000000004f6       0xd6 Core/Src/main.o
 .debug_macro   0x00000000000005cc       0x46 Core/Src/main.o
 .debug_macro   0x0000000000000612       0x18 Core/Src/main.o
 .debug_macro   0x000000000000062a       0x3c Core/Src/main.o
 .debug_macro   0x0000000000000666       0x34 Core/Src/main.o
 .debug_macro   0x000000000000069a       0x16 Core/Src/main.o
 .debug_macro   0x00000000000006b0       0x35 Core/Src/main.o
 .debug_macro   0x00000000000006e5      0x32a Core/Src/main.o
 .debug_macro   0x0000000000000a0f       0x10 Core/Src/main.o
 .debug_macro   0x0000000000000a1f       0x52 Core/Src/main.o
 .debug_macro   0x0000000000000a71       0x1f Core/Src/main.o
 .debug_macro   0x0000000000000a90       0x43 Core/Src/main.o
 .debug_macro   0x0000000000000ad3       0x20 Core/Src/main.o
 .debug_macro   0x0000000000000af3      0x1a3 Core/Src/main.o
 .debug_macro   0x0000000000000c96       0x10 Core/Src/main.o
 .debug_macro   0x0000000000000ca6       0x1c Core/Src/main.o
 .debug_macro   0x0000000000000cc2       0x52 Core/Src/main.o
 .debug_macro   0x0000000000000d14       0x40 Core/Src/main.o
 .debug_macro   0x0000000000000d54       0x10 Core/Src/main.o
 .debug_macro   0x0000000000000d64       0x40 Core/Src/main.o
 .debug_macro   0x0000000000000da4       0xd7 Core/Src/main.o
 .debug_macro   0x0000000000000e7b       0x1c Core/Src/main.o
 .debug_macro   0x0000000000000e97       0x3d Core/Src/main.o
 .debug_macro   0x0000000000000ed4       0x16 Core/Src/main.o
 .debug_macro   0x0000000000000eea      0x145 Core/Src/main.o
 .debug_macro   0x000000000000102f       0x16 Core/Src/main.o
 .debug_macro   0x0000000000001045       0x20 Core/Src/main.o
 .debug_macro   0x0000000000001065      0x1d1 Core/Src/stm32f1xx_hal_msp.o
 .debug_macro   0x0000000000001236      0x1db Core/Src/stm32f1xx_it.o
 .debug_macro   0x0000000000001411      0x1c8 Core/Src/system_stm32f1xx.o
 .debug_macro   0x00000000000015d9      0x1e6 Drivers/STM32F1xx_HAL_Driver/Src/stm32f1xx_hal.o
 .debug_macro   0x00000000000017bf      0x1df Drivers/STM32F1xx_HAL_Driver/Src/stm32f1xx_hal_adc.o
 .debug_macro   0x000000000000199e      0x1c2 Drivers/STM32F1xx_HAL_Driver/Src/stm32f1xx_hal_cortex.o
 .debug_macro   0x0000000000001b60      0x1c2 Drivers/STM32F1xx_HAL_Driver/Src/stm32f1xx_hal_dma.o
 .debug_macro   0x0000000000001d22      0x22d Drivers/STM32F1xx_HAL_Driver/Src/stm32f1xx_hal_gpio.o
 .debug_macro   0x0000000000001f4f      0x202 Drivers/STM32F1xx_HAL_Driver/Src/stm32f1xx_hal_i2c.o
 .debug_macro   0x0000000000002151      0x1d4 Drivers/STM32F1xx_HAL_Driver/Src/stm32f1xx_hal_rcc.o
 .debug_macro   0x0000000000002325      0x1c2 Drivers/STM32F1xx_HAL_Driver/Src/stm32f1xx_hal_rcc_ex.o
 .debug_macro   0x00000000000024e7      0x1ca Drivers/STM32F1xx_HAL_Driver/Src/stm32f1xx_hal_spi.o
 .debug_macro   0x00000000000026b1      0x1c3 Drivers/STM32F1xx_HAL_Driver/Src/stm32f1xx_hal_tim.o
 .debug_macro   0x0000000000002874      0x1c2 Drivers/STM32F1xx_HAL_Driver/Src/stm32f1xx_hal_tim_ex.o
 .debug_macro   0x0000000000002a36      0x1c3 Drivers/STM32F1xx_HAL_Driver/Src/stm32f1xx_hal_uart.o

.debug_line     0x0000000000000000     0xc7bc
 .debug_line    0x0000000000000000      0xaf4 Core/Src/main.o
 .debug_line    0x0000000000000af4      0x7d4 Core/Src/stm32f1xx_hal_msp.o
 .debug_line    0x00000000000012c8      0x75d Core/Src/stm32f1xx_it.o
 .debug_line    0x0000000000001a25      0x6c6 Core/Src/system_stm32f1xx.o
 .debug_line    0x00000000000020eb       0x84 Core/Startup/startup_stm32f103retx.o
 .debug_line    0x000000000000216f      0x86e Drivers/STM32F1xx_HAL_Driver/Src/stm32f1xx_hal.o
 .debug_line    0x00000000000029dd      0xbd6 Drivers/STM32F1xx_HAL_Driver/Src/stm32f1xx_hal_adc.o
 .debug_line    0x00000000000035b3      0x947 Drivers/STM32F1xx_HAL_Driver/Src/stm32f1xx_hal_cortex.o
 .debug_line    0x0000000000003efa      0xf57 Drivers/STM32F1xx_HAL_Driver/Src/stm32f1xx_hal_dma.o
 .debug_line    0x0000000000004e51      0x896 Drivers/STM32F1xx_HAL_Driver/Src/stm32f1xx_hal_gpio.o
 .debug_line    0x00000000000056e7     0x1b31 Drivers/STM32F1xx_HAL_Driver/Src/stm32f1xx_hal_i2c.o
 .debug_line    0x0000000000007218      0x930 Drivers/STM32F1xx_HAL_Driver/Src/stm32f1xx_hal_rcc.o
 .debug_line    0x0000000000007b48      0x754 Drivers/STM32F1xx_HAL_Driver/Src/stm32f1xx_hal_rcc_ex.o
 .debug_line    0x000000000000829c     0x103c Drivers/STM32F1xx_HAL_Driver/Src/stm32f1xx_hal_spi.o
 .debug_line    0x00000000000092d8     0x18ea Drivers/STM32F1xx_HAL_Driver/Src/stm32f1xx_hal_tim.o
 .debug_line    0x000000000000abc2      0xc81 Drivers/STM32F1xx_HAL_Driver/Src/stm32f1xx_hal_tim_ex.o
 .debug_line    0x000000000000b843      0xf79 Drivers/STM32F1xx_HAL_Driver/Src/stm32f1xx_hal_uart.o

.debug_str      0x0000000000000000    0x8a08c
 .debug_str     0x0000000000000000    0x863dc Core/Src/main.o
                                      0x86959 (size before relaxing)
 .debug_str     0x00000000000863dc      0x13a Core/Src/stm32f1xx_hal_msp.o
                                      0x82063 (size before relaxing)
 .debug_str     0x0000000000086516       0xe8 Core/Src/stm32f1xx_it.o
                                      0x81618 (size before relaxing)
 .debug_str     0x00000000000865fe       0xc2 Core/Src/system_stm32f1xx.o
                                      0x80d2f (size before relaxing)
 .debug_str     0x00000000000866c0       0x36 Core/Startup/startup_stm32f103retx.o
                                         0x6f (size before relaxing)
 .debug_str     0x00000000000866f6      0x3b3 Drivers/STM32F1xx_HAL_Driver/Src/stm32f1xx_hal.o
                                      0x81424 (size before relaxing)
 .debug_str     0x0000000000086aa9      0x33e Drivers/STM32F1xx_HAL_Driver/Src/stm32f1xx_hal_adc.o
                                      0x81345 (size before relaxing)
 .debug_str     0x0000000000086de7      0x2c8 Drivers/STM32F1xx_HAL_Driver/Src/stm32f1xx_hal_cortex.o
                                      0x81432 (size before relaxing)
 .debug_str     0x00000000000870af      0x23f Drivers/STM32F1xx_HAL_Driver/Src/stm32f1xx_hal_dma.o
                                      0x81090 (size before relaxing)
 .debug_str     0x00000000000872ee      0x31f Drivers/STM32F1xx_HAL_Driver/Src/stm32f1xx_hal_gpio.o
                                      0x81079 (size before relaxing)
 .debug_str     0x000000000008760d      0xb67 Drivers/STM32F1xx_HAL_Driver/Src/stm32f1xx_hal_i2c.o
                                      0x81ca5 (size before relaxing)
 .debug_str     0x0000000000088174      0x258 Drivers/STM32F1xx_HAL_Driver/Src/stm32f1xx_hal_rcc.o
                                      0x810b2 (size before relaxing)
 .debug_str     0x00000000000883cc       0xb9 Drivers/STM32F1xx_HAL_Driver/Src/stm32f1xx_hal_rcc_ex.o
                                      0x80e65 (size before relaxing)
 .debug_str     0x0000000000088485      0x514 Drivers/STM32F1xx_HAL_Driver/Src/stm32f1xx_hal_spi.o
                                      0x815a6 (size before relaxing)
 .debug_str     0x0000000000088999      0xd69 Drivers/STM32F1xx_HAL_Driver/Src/stm32f1xx_hal_tim.o
                                      0x81e7d (size before relaxing)
 .debug_str     0x0000000000089702      0x49b Drivers/STM32F1xx_HAL_Driver/Src/stm32f1xx_hal_tim_ex.o
                                      0x8167d (size before relaxing)
 .debug_str     0x0000000000089b9d      0x4ef Drivers/STM32F1xx_HAL_Driver/Src/stm32f1xx_hal_uart.o
                                      0x815a1 (size before relaxing)

.comment        0x0000000000000000       0x7b
 .comment       0x0000000000000000       0x7b Core/Src/main.o
                                         0x7c (size before relaxing)
 .comment       0x000000000000007b       0x7c Core/Src/stm32f1xx_hal_msp.o
 .comment       0x000000000000007b       0x7c Core/Src/stm32f1xx_it.o
 .comment       0x000000000000007b       0x7c Core/Src/system_stm32f1xx.o
 .comment       0x000000000000007b       0x7c Drivers/STM32F1xx_HAL_Driver/Src/stm32f1xx_hal.o
 .comment       0x000000000000007b       0x7c Drivers/STM32F1xx_HAL_Driver/Src/stm32f1xx_hal_adc.o
 .comment       0x000000000000007b       0x7c Drivers/STM32F1xx_HAL_Driver/Src/stm32f1xx_hal_cortex.o
 .comment       0x000000000000007b       0x7c Drivers/STM32F1xx_HAL_Driver/Src/stm32f1xx_hal_dma.o
 .comment       0x000000000000007b       0x7c Drivers/STM32F1xx_HAL_Driver/Src/stm32f1xx_hal_gpio.o
 .comment       0x000000000000007b       0x7c Drivers/STM32F1xx_HAL_Driver/Src/stm32f1xx_hal_i2c.o
 .comment       0x000000000000007b       0x7c Drivers/STM32F1xx_HAL_Driver/Src/stm32f1xx_hal_rcc.o
 .comment       0x000000000000007b       0x7c Drivers/STM32F1xx_HAL_Driver/Src/stm32f1xx_hal_rcc_ex.o
 .comment       0x000000000000007b       0x7c Drivers/STM32F1xx_HAL_Driver/Src/stm32f1xx_hal_spi.o
 .comment       0x000000000000007b       0x7c Drivers/STM32F1xx_HAL_Driver/Src/stm32f1xx_hal_tim.o
 .comment       0x000000000000007b       0x7c Drivers/STM32F1xx_HAL_Driver/Src/stm32f1xx_hal_tim_ex.o
 .comment       0x000000000000007b       0x7c Drivers/STM32F1xx_HAL_Driver/Src/stm32f1xx_hal_uart.o

.debug_frame    0x0000000000000000     0x4a28
 .debug_frame   0x0000000000000000      0x204 Core/Src/main.o
 .debug_frame   0x0000000000000204      0x1cc Core/Src/stm32f1xx_hal_msp.o
 .debug_frame   0x00000000000003d0      0x144 Core/Src/stm32f1xx_it.o
 .debug_frame   0x0000000000000514       0x58 Core/Src/system_stm32f1xx.o
 .debug_frame   0x000000000000056c      0x334 Drivers/STM32F1xx_HAL_Driver/Src/stm32f1xx_hal.o
 .debug_frame   0x00000000000008a0      0x40c Drivers/STM32F1xx_HAL_Driver/Src/stm32f1xx_hal_adc.o
 .debug_frame   0x0000000000000cac      0x428 Drivers/STM32F1xx_HAL_Driver/Src/stm32f1xx_hal_cortex.o
 .debug_frame   0x00000000000010d4      0x20c Drivers/STM32F1xx_HAL_Driver/Src/stm32f1xx_hal_dma.o
 .debug_frame   0x00000000000012e0      0x14c Drivers/STM32F1xx_HAL_Driver/Src/stm32f1xx_hal_gpio.o
 .debug_frame   0x000000000000142c      0xc08 Drivers/STM32F1xx_HAL_Driver/Src/stm32f1xx_hal_i2c.o
 .debug_frame   0x0000000000002034      0x21c Drivers/STM32F1xx_HAL_Driver/Src/stm32f1xx_hal_rcc.o
 .debug_frame   0x0000000000002250       0x84 Drivers/STM32F1xx_HAL_Driver/Src/stm32f1xx_hal_rcc_ex.o
 .debug_frame   0x00000000000022d4      0x824 Drivers/STM32F1xx_HAL_Driver/Src/stm32f1xx_hal_spi.o
 .debug_frame   0x0000000000002af8     0x10f0 Drivers/STM32F1xx_HAL_Driver/Src/stm32f1xx_hal_tim.o
 .debug_frame   0x0000000000003be8      0x5c0 Drivers/STM32F1xx_HAL_Driver/Src/stm32f1xx_hal_tim_ex.o
 .debug_frame   0x00000000000041a8      0x834 Drivers/STM32F1xx_HAL_Driver/Src/stm32f1xx_hal_uart.o
 .debug_frame   0x00000000000049dc       0x2c c:/st/stm32cubeide_1.3.0/stm32cubeide/plugins/com.st.stm32cube.ide.mcu.externaltools.gnu-tools-for-stm32.7-2018-q2-update.win32_1.0.0.201904181610/tools/bin/../lib/gcc/arm-none-eabi/7.3.1/../../../../arm-none-eabi/lib/thumb/v7-m\libc_nano.a(lib_a-init.o)
 .debug_frame   0x0000000000004a08       0x20 c:/st/stm32cubeide_1.3.0/stm32cubeide/plugins/com.st.stm32cube.ide.mcu.externaltools.gnu-tools-for-stm32.7-2018-q2-update.win32_1.0.0.201904181610/tools/bin/../lib/gcc/arm-none-eabi/7.3.1/../../../../arm-none-eabi/lib/thumb/v7-m\libc_nano.a(lib_a-memset.o)
