main.c:96:5:main	56	static
main.c:235:6:SystemClock_Config	96	static
main.c:280:13:MX_ADC1_Init	24	static
main.c:325:13:MX_I2C2_Init	8	static
main.c:359:13:MX_SPI2_Init	8	static
main.c:397:13:MX_TIM4_Init	48	static
main.c:446:13:MX_TIM8_Init	80	static
main.c:511:13:MX_UART4_Init	8	static
main.c:544:13:MX_USART1_UART_Init	8	static
main.c:575:13:MX_DMA_Init	16	static
main.c:593:13:MX_GPIO_Init	40	static
main.c:684:6:HAL_ADC_ConvCpltCallback	24	static
main.c:693:6:HAL_UART_RxCpltCallback	16	static
main.c:698:6:debugPrint	16	static
main.c:709:6:Error_Handler	4	static
